// Jest Snapshot v1, https://goo.gl/fbAQLP

exports[`QADashboard Snapshot Tests QADashboard snapshot 1`] = `
<div
  className="MuiContainer-root MuiContainer-maxWidthLg"
  id="welcomeDash"
>
  <img
    alt="welcome"
    className="makeStyles-image-3"
    src="lib1.jpg"
  />
  <div
    className="makeStyles-caption-1"
  >
    <h5
      className="MuiTypography-root makeStyles-captionText-2 MuiTypography-h5 MuiTypography-gutterBottom MuiTypography-alignCenter"
    >
      Behold! A library in which you can find everything you have ever wanted to search for!
    </h5>
    <h5
      className="MuiTypography-root makeStyles-captionText-2 MuiTypography-h5 MuiTypography-alignCenter"
    >
      But not really...
    </h5>
  </div>
</div>
`;
