// Jest Snapshot v1, https://goo.gl/fbAQLP

exports[`Info Snapshot Tests Info snapshot 1`] = `
<div
  className="MuiContainer-root MuiContainer-maxWidthLg"
  id="info-container"
>
  <img
    alt="info"
    className="makeStyles-image-3"
    src="code1.jpg"
  />
  <div
    className="makeStyles-caption-1"
  >
    <h5
      className="MuiTypography-root makeStyles-captionText-2 MuiTypography-h5 MuiTypography-gutterBottom MuiTypography-alignCenter"
    >
      This site is a hub of resources for learning programming languages, tools, testing, and best practices across the industry
    </h5>
    <h5
      className="MuiTypography-root makeStyles-captionText-2 MuiTypography-h5 MuiTypography-alignCenter"
    >
      For more information, google it
    </h5>
  </div>
</div>
`;
