// Jest Snapshot v1, https://goo.gl/fbAQLP

exports[`LibraryDash Snapshot Tests LibraryDash loading snapshot 1`] = `<Loading />`;

exports[`LibraryDash Snapshot Tests LibraryDash snapshot 1`] = `
<div
  className="main-content-container px-3 container-fluid"
>
  <div />
  <div
    className="form-inline py-4 no-gutters row"
  >
    <div
      className="text-sm-left text-center text-md-left mb-sm-0 col-12 col-sm-8"
    >
      <span
        className="text-uppercase page-subtitle"
      />
      <h3
        className="page-title"
      >
        In-Office Library
      </h3>
    </div>
    <a
      aria-label="Login to Github"
      href="/login"
    >
      <button
        className="btn btn-success btn-lg btn btn-primary"
        id="login-button"
        onClick={[Function]}
        type="button"
      >
        Log In with Github
      </button>
    </a>
  </div>
  <div
    className="row"
  />
</div>
`;
