// Jest Snapshot v1, https://goo.gl/fbAQLP

exports[`ExampleRepos Snapshot Tests ExampleRepos snapshot 1`] = `
<div
  className="MuiGrid-root MuiGrid-container"
>
  <div
    className="MuiGrid-root MuiGrid-container MuiGrid-align-items-xs-center"
  >
    <h3
      className="MuiTypography-root page-title MuiTypography-h3 MuiTypography-gutterBottom"
    >
      Example Repos
    </h3>
    <h5
      className="MuiTypography-root makeStyles-githubUser-1 MuiTypography-h5 MuiTypography-colorTextSecondary MuiTypography-alignRight"
      id="github-account-text"
    >
      skow0020
       Repos
    </h5>
  </div>
  <div
    className="MuiGrid-root MuiGrid-container"
  >
    <form
      id="filter-form"
      onSubmit={[Function]}
    >
      <div
        className="MuiFormControl-root MuiTextField-root MuiFormControl-fullWidth"
      >
        <label
          className="MuiFormLabel-root MuiInputLabel-root MuiInputLabel-formControl MuiInputLabel-animated MuiInputLabel-shrink MuiInputLabel-outlined MuiFormLabel-filled Mui-required Mui-required"
          data-shrink={true}
          htmlFor="github-account"
          id="github-account-label"
        >
          Github Account
          <span
            className="MuiFormLabel-asterisk MuiInputLabel-asterisk"
          >
             
            *
          </span>
        </label>
        <div
          className="MuiInputBase-root MuiOutlinedInput-root makeStyles-textField-135 MuiInputBase-fullWidth MuiInputBase-formControl"
          onClick={[Function]}
        >
          <input
            aria-invalid={false}
            autoFocus={false}
            className="MuiInputBase-input MuiOutlinedInput-input"
            disabled={false}
            id="github-account"
            onAnimationStart={[Function]}
            onBlur={[Function]}
            onChange={[Function]}
            onFocus={[Function]}
            required={true}
            type="text"
            value="skow0020"
          />
          <fieldset
            aria-hidden={true}
            className="PrivateNotchedOutline-root-194 MuiOutlinedInput-notchedOutline"
          >
            <legend
              className="PrivateNotchedOutline-legendLabelled-196 PrivateNotchedOutline-legendNotched-197"
            >
              <span>
                Github Account
                 *
              </span>
            </legend>
          </fieldset>
        </div>
      </div>
      <div
        className="MuiFormControl-root makeStyles-formControl-198"
      >
        <label
          className="MuiFormLabel-root MuiInputLabel-root MuiInputLabel-formControl MuiInputLabel-animated"
          data-shrink={false}
          htmlFor="language-selection"
        >
          Language
        </label>
        <div
          className="MuiInputBase-root MuiInput-root MuiInput-underline MuiInputBase-formControl MuiInput-formControl"
          onClick={[Function]}
        >
          <div
            aria-haspopup="listbox"
            aria-labelledby=" language"
            className="MuiSelect-root MuiSelect-select MuiSelect-selectMenu MuiInputBase-input MuiInput-input"
            id="language"
            onBlur={[Function]}
            onFocus={[Function]}
            onKeyDown={[Function]}
            onMouseDown={[Function]}
            role="button"
            tabIndex={0}
          >
            <span
              dangerouslySetInnerHTML={
                Object {
                  "__html": "&#8203;",
                }
              }
            />
          </div>
          <input
            onAnimationStart={[Function]}
            type="hidden"
            value=""
          />
          <svg
            aria-hidden="true"
            className="MuiSvgIcon-root MuiSelect-icon"
            focusable="false"
            role="presentation"
            viewBox="0 0 24 24"
          >
            <path
              d="M7 10l5 5 5-5z"
            />
          </svg>
        </div>
      </div>
    </form>
  </div>
  <div
    className="MuiGrid-root MuiGrid-container MuiGrid-spacing-xs-4"
  />
</div>
`;
