// Jest Snapshot v1, https://goo.gl/fbAQLP

exports[`ExampleRepos Snapshot Tests ExampleRepos snapshot 1`] = `
<div
  className="main-content-container px-4 container-fluid"
>
  <div
    className="form-inline py-2 no-gutters row"
  >
    <h3
      className="MuiTypography-root page-title MuiTypography-h3 MuiTypography-gutterBottom"
    >
      Example Repos
    </h3>
    <div
      className="form-group"
      id="filter-form"
      onSubmit={[Function]}
    >
      <label
        className="text-muted font-weight-bold px-2"
        htmlFor="github-account"
      >
        Github Account
      </label>
      <input
        className="form-control"
        id="github-account"
        onChange={[Function]}
        required={true}
        type="text"
        value="skow0020"
      />
      <div
        className="MuiFormControl-root makeStyles-formControl-31"
      >
        <label
          className="MuiFormLabel-root MuiInputLabel-root MuiInputLabel-formControl MuiInputLabel-animated"
          data-shrink={false}
          htmlFor="language-selection"
        >
          Language
        </label>
        <div
          className="MuiInputBase-root MuiInput-root MuiInput-underline MuiInputBase-formControl MuiInput-formControl"
          onClick={[Function]}
        >
          <div
            aria-haspopup="listbox"
            aria-labelledby=" language"
            className="MuiSelect-root MuiSelect-select MuiSelect-selectMenu MuiInputBase-input MuiInput-input MuiInputBase-inputSelect"
            id="language"
            onBlur={[Function]}
            onClick={[Function]}
            onFocus={[Function]}
            onKeyDown={[Function]}
            role="button"
            tabIndex={0}
          >
            <span
              dangerouslySetInnerHTML={
                Object {
                  "__html": "&#8203;",
                }
              }
            />
          </div>
          <input
            onAnimationStart={[Function]}
            type="hidden"
          />
          <svg
            aria-hidden="true"
            className="MuiSvgIcon-root MuiSelect-icon"
            focusable="false"
            role="presentation"
            viewBox="0 0 24 24"
          >
            <path
              d="M7 10l5 5 5-5z"
            />
          </svg>
        </div>
      </div>
    </div>
  </div>
  <span
    className="text-uppercase page-subtitle"
  >
    skow0020
     Repos
  </span>
  <div
    className="row"
    id="row-0"
  />
</div>
`;
