// Jest Snapshot v1, https://goo.gl/fbAQLP

exports[`InOfficeBook Snapshot Tests InOfficeBook list snapshot  1`] = `
<div>
  <div
    class="MuiContainer-root card-post MuiContainer-maxWidthLg"
  >
    <div />
    <div
      class="MuiGrid-root"
    >
      <div
        class="MuiPaper-root MuiCard-root MuiPaper-elevation1 MuiPaper-rounded"
      >
        <div
          class="MuiCardHeader-root"
        >
          <div
            class="MuiCardHeader-avatar"
          >
            <div
              class="MuiChip-root"
              style="background-color: rgb(244, 67, 54);"
            >
              <span
                class="MuiChip-label"
              >
                API Automation
              </span>
            </div>
          </div>
          <div
            class="MuiCardHeader-content"
          >
            <span
              class="MuiTypography-root MuiCardHeader-title MuiTypography-h6 MuiTypography-displayBlock"
            >
              How to sand a hippo
            </span>
          </div>
        </div>
        <img
          alt="Book image"
          class="MuiCardMedia-root card-title MuiCardMedia-media MuiCardMedia-img"
          height="250"
          src="https://i-cdn.phonearena.com/images/article/104071-two_lead/Just-for-you-Here-are-10-paid-iOS-apps-free-for-a-limited-time.jpg"
          title="How to sand a hippo"
        />
        <div
          class="MuiCardContent-root text-muted border-top py-3"
        >
          <div>
            <p
              class="MuiTypography-root MuiTypography-body1 MuiTypography-colorTextPrimary MuiTypography-paragraph"
            >
              Est dolor ad. Provident deserunt aliquid sed provident minus fugit.
            </p>
            <div
              class="MuiGrid-root"
            >
              <p
                class="MuiTypography-root card-details MuiTypography-body1 MuiTypography-colorTextSecondary MuiTypography-gutterBottom"
              >
                By
                 
                Nova Goldner
                 | 
                4
                 
                Available | Checked out by: 
                stanislov342, georgio232
              </p>
            </div>
          </div>
          <hr
            class="MuiDivider-root MuiDivider-middle"
          />
          <div
            class="makeStyles-checkOutButtons-3"
          >
            <button
              class="MuiButtonBase-root MuiButton-root MuiButton-contained checkout-1000 makeStyles-checkOutButton-2"
              tabindex="0"
              type="button"
            >
              <span
                class="MuiButton-label"
              >
                Check out
              </span>
              <span
                class="MuiTouchRipple-root"
              />
            </button>
            <button
              class="MuiButtonBase-root MuiButton-root MuiButton-contained checkin-1000 makeStyles-checkInButton-1"
              tabindex="0"
              type="button"
            >
              <span
                class="MuiButton-label"
              >
                Check in
              </span>
              <span
                class="MuiTouchRipple-root"
              />
            </button>
          </div>
        </div>
      </div>
    </div>
  </div>
</div>
`;
